// Jest Snapshot v1, https://goo.gl/fbAQLP

exports[`First React component test with Enzyme should match the snapshot 1`] = `"<div class=\\"App\\"><h1 class=\\"App-logo\\">Currency Converter</h1><div class=\\"CurrencyBox-container\\"><div class=\\"CurrencyBox\\"><p class=\\"CurrencyBox-label\\">1 USD = 1 EUR</p><div class=\\"CurrencyBox-input\\"><div class=\\"CurrencyBox-input-dropdown-container\\"><select class=\\"CurrencyBox-input-dropdown\\" name=\\"from\\"></select></div><input type=\\"text\\" class=\\"CurrencyBox-input-text\\" name=\\"from\\" value=\\"1\\"/></div></div><div class=\\"CurrencyBox-convert-container\\"><img class=\\"CurrencyBox-convert-icon\\" src=\\"convert_icon.png\\" alt=\\"covert icon\\"/></div><div class=\\"CurrencyBox\\"><p class=\\"CurrencyBox-label\\">1 EUR = 1 USD</p><div class=\\"CurrencyBox-input\\"><div class=\\"CurrencyBox-input-dropdown-container\\"><select class=\\"CurrencyBox-input-dropdown\\" name=\\"to\\"></select></div><input type=\\"text\\" class=\\"CurrencyBox-input-text\\" name=\\"to\\" value=\\"1\\"/></div></div></div></div>"`;
